##############################################################################################################
#
# Rosetta crash log. Please submit the contents of this file to http://crash.rosettacommons.org/
# or use the script Rosetta/main/source/scripts/python/public/report_crashes.py
#

[START_CRASH_REPORT]
[ROSETTA_VERSION]: 2025.43.post.dev+2.main.e5ce21e85a
[COMMIT_DATE]: 2025-10-28T16:01:33
[APPLICATION]: /Users/rclune/Documents/rosetta_05_06_25/source/bin/rosetta_scripts.macosclangrelease
[MODE]: Release
[EXTRAS]: default
[OS]: Apple Mac OS X
[COMPILER]: Clang version "17.0.0 (clang-1700.0.13.5)"
[STDLIB]: libc++ version 190102
[START_OPTIONS]
 -in:file:s=1UBQ.pdb -out:overwrite -parser:protocol=my_awesome_rscript.xml

[END_OPTIONS]

[START_BACKTRACE]: RAW_LIBC
0   libutility.dylib                    0x000000010d58d6d0 backtrace_string(int) + 76
1   libutility.dylib                    0x000000010d5ac18c utility::excn::Exception::Exception(char const*, int, std::__1::basic_string<char, std::__1::char_traits<char>, std::__1::allocator<char>> const&) + 220
2   libprotocols.1.dylib                0x000000010a158b18 protocols::rosetta_scripts::RosettaScriptsParser::validate_input_script_against_xsd(std::__1::basic_string<char, std::__1::char_traits<char>, std::__1::allocator<char>> const&, std::__1::basic_stringstream<char, std::__1::char_traits<char>, std::__1::allocator<char>> const&) const + 2012
3   libprotocols.1.dylib                0x000000010a156da4 protocols::rosetta_scripts::RosettaScriptsParser::finish_creating_tag(std::__1::basic_string<char, std::__1::char_traits<char>, std::__1::allocator<char>> const&, utility::vector1<std::__1::basic_string<char, std::__1::char_traits<char>, std::__1::allocator<char>>, std::__1::allocator<std::__1::basic_string<char, std::__1::char_traits<char>, std::__1::allocator<char>>>> const&, std::__1::basic_string<char, std::__1::char_traits<char>, std::__1::allocator<char>> const&) const + 268
4   libprotocols.1.dylib                0x000000010a15549c protocols::rosetta_scripts::RosettaScriptsParser::create_tag_from_xml(std::__1::basic_string<char, std::__1::char_traits<char>, std::__1::allocator<char>> const&, utility::vector1<std::__1::basic_string<char, std::__1::char_traits<char>, std::__1::allocator<char>>, std::__1::allocator<std::__1::basic_string<char, std::__1::char_traits<char>, std::__1::allocator<char>>>> const&) + 256
5   libprotocols.1.dylib                0x000000010a155008 protocols::rosetta_scripts::RosettaScriptsParser::create_tag_from_xml(std::__1::basic_string<char, std::__1::char_traits<char>, std::__1::allocator<char>> const&, utility::options::OptionCollection const&) + 308
6   libprotocols.1.dylib                0x000000010a15a864 protocols::rosetta_scripts::RosettaScriptsParser::generate_mover(std::__1::shared_ptr<protocols::moves::Mover>&, bool, std::__1::basic_string<char, std::__1::char_traits<char>, std::__1::allocator<char>> const&, std::__1::basic_string<char, std::__1::char_traits<char>, std::__1::allocator<char>> const&, std::__1::basic_string<char, std::__1::char_traits<char>, std::__1::allocator<char>> const&, bool) + 416
7   libprotocols.1.dylib                0x0000000109ebe704 protocols::jd2::JobDistributor::run_one_job(std::__1::shared_ptr<protocols::moves::Mover>&, long, std::__1::basic_string<char, std::__1::char_traits<char>, std::__1::allocator<char>>&, std::__1::basic_string<char, std::__1::char_traits<char>, std::__1::allocator<char>>&, unsigned long&, unsigned long&, bool) + 3912
8   libprotocols.1.dylib                0x0000000109ebca28 protocols::jd2::JobDistributor::go_main(std::__1::shared_ptr<protocols::moves::Mover>) + 128
9   libprotocols.1.dylib                0x0000000109eb7550 protocols::jd2::FileSystemJobDistributor::go(std::__1::shared_ptr<protocols::moves::Mover>) + 72
10  rosetta_scripts.default.macosclangr 0x0000000104914d64 main + 1276
11  dyld                                0x0000000191b56b98 start + 6076

[END_BACKTRACE]

[FILE]: src/protocols/rosetta_scripts/RosettaScriptsParser.cc
[LINE]: 1217
[START_MESSAGE]
Input rosetta scripts XML file "my_awesome_rscript.xml" failed to validate against the rosetta scripts schema. Use the option -parser::output_schema <output filename> to output the schema to a file to see all valid options.
Your XML has failed validation.  The error message below will tell you where in your XML file the error occurred.  Here's how to fix it:

1) If the validation fails on something obvious, like an illegal attribute due to a spelling error (perhaps you used scorefnction instead of scorefunction), then you need to fix your XML file.
2) If you haven't run the XML rewriter script and this might be pre-2017 Rosetta XML, run the rewriter script (tools/xsd_xrw/rewrite_rosetta_script.py) on your input XML first.  The attribute values not being in quotes (scorefunction=talaris2014 instead of scorefunction="talaris2014") is a good indicator that this is your problem.
3) If you are a developer and neither 1 nor 2 worked - email the developer's mailing list or try Slack.
4) If you are an academic or commercial user - try the Rosetta Forums https://www.rosettacommons.org/forum


Error messages were:
Error: Opening and ending tag mismatch: Add line 12 and PROTOCOLS

 9:         <PackRotamersMover name="pack_rot" task_operations="rtrp"/>
10: 	</MOVERS>
11: 	<PROTOCOLS>
12:         <Add mover_name="pack_rot">
13:         <Add mover_name='min_mover'/>
14: 	</PROTOCOLS>
15: </ROSETTASCRIPTS>
16: 
Error: Opening and ending tag mismatch: PROTOCOLS line 11 and ROSETTASCRIPTS

10: 	</MOVERS>
11: 	<PROTOCOLS>
12:         <Add mover_name="pack_rot">
13:         <Add mover_name='min_mover'/>
14: 	</PROTOCOLS>
15: </ROSETTASCRIPTS>
16: 
Error: Premature end of data in tag ROSETTASCRIPTS line 1

11: 	<PROTOCOLS>
12:         <Add mover_name="pack_rot">
13:         <Add mover_name='min_mover'/>
14: 	</PROTOCOLS>
15: </ROSETTASCRIPTS>
16: 
------------------------------------------------------------
Warning messages were:
------------------------------------------------------------


[END_MESSAGE]
[END_CRASH_REPORT]

##############################################################################################################
#
# Rosetta crash log. Please submit the contents of this file to http://crash.rosettacommons.org/
# or use the script Rosetta/main/source/scripts/python/public/report_crashes.py
#

[START_CRASH_REPORT]
[ROSETTA_VERSION]: 2025.43.post.dev+2.main.e5ce21e85a
[COMMIT_DATE]: 2025-10-28T16:01:33
[APPLICATION]: /Users/rclune/Documents/rosetta_05_06_25/source/bin/rosetta_scripts.macosclangrelease
[MODE]: Release
[EXTRAS]: default
[OS]: Apple Mac OS X
[COMPILER]: Clang version "17.0.0 (clang-1700.0.13.5)"
[STDLIB]: libc++ version 190102
[START_OPTIONS]
 -in:file:s=1UBQ.pdb -out:overwrite -parser:protocol=my_awesome_rscript.xml

[END_OPTIONS]

[START_BACKTRACE]: RAW_LIBC
0   libutility.dylib                    0x00000001096d56d0 backtrace_string(int) + 76
1   libutility.dylib                    0x00000001096f418c utility::excn::Exception::Exception(char const*, int, std::__1::basic_string<char, std::__1::char_traits<char>, std::__1::allocator<char>> const&) + 220
2   libprotocols.1.dylib                0x0000000106840b18 protocols::rosetta_scripts::RosettaScriptsParser::validate_input_script_against_xsd(std::__1::basic_string<char, std::__1::char_traits<char>, std::__1::allocator<char>> const&, std::__1::basic_stringstream<char, std::__1::char_traits<char>, std::__1::allocator<char>> const&) const + 2012
3   libprotocols.1.dylib                0x000000010683eda4 protocols::rosetta_scripts::RosettaScriptsParser::finish_creating_tag(std::__1::basic_string<char, std::__1::char_traits<char>, std::__1::allocator<char>> const&, utility::vector1<std::__1::basic_string<char, std::__1::char_traits<char>, std::__1::allocator<char>>, std::__1::allocator<std::__1::basic_string<char, std::__1::char_traits<char>, std::__1::allocator<char>>>> const&, std::__1::basic_string<char, std::__1::char_traits<char>, std::__1::allocator<char>> const&) const + 268
4   libprotocols.1.dylib                0x000000010683d49c protocols::rosetta_scripts::RosettaScriptsParser::create_tag_from_xml(std::__1::basic_string<char, std::__1::char_traits<char>, std::__1::allocator<char>> const&, utility::vector1<std::__1::basic_string<char, std::__1::char_traits<char>, std::__1::allocator<char>>, std::__1::allocator<std::__1::basic_string<char, std::__1::char_traits<char>, std::__1::allocator<char>>>> const&) + 256
5   libprotocols.1.dylib                0x000000010683d008 protocols::rosetta_scripts::RosettaScriptsParser::create_tag_from_xml(std::__1::basic_string<char, std::__1::char_traits<char>, std::__1::allocator<char>> const&, utility::options::OptionCollection const&) + 308
6   libprotocols.1.dylib                0x0000000106842864 protocols::rosetta_scripts::RosettaScriptsParser::generate_mover(std::__1::shared_ptr<protocols::moves::Mover>&, bool, std::__1::basic_string<char, std::__1::char_traits<char>, std::__1::allocator<char>> const&, std::__1::basic_string<char, std::__1::char_traits<char>, std::__1::allocator<char>> const&, std::__1::basic_string<char, std::__1::char_traits<char>, std::__1::allocator<char>> const&, bool) + 416
7   libprotocols.1.dylib                0x00000001065a6704 protocols::jd2::JobDistributor::run_one_job(std::__1::shared_ptr<protocols::moves::Mover>&, long, std::__1::basic_string<char, std::__1::char_traits<char>, std::__1::allocator<char>>&, std::__1::basic_string<char, std::__1::char_traits<char>, std::__1::allocator<char>>&, unsigned long&, unsigned long&, bool) + 3912
8   libprotocols.1.dylib                0x00000001065a4a28 protocols::jd2::JobDistributor::go_main(std::__1::shared_ptr<protocols::moves::Mover>) + 128
9   libprotocols.1.dylib                0x000000010659f550 protocols::jd2::FileSystemJobDistributor::go(std::__1::shared_ptr<protocols::moves::Mover>) + 72
10  rosetta_scripts.default.macosclangr 0x0000000100cdcd64 main + 1276
11  dyld                                0x0000000191b56b98 start + 6076

[END_BACKTRACE]

[FILE]: src/protocols/rosetta_scripts/RosettaScriptsParser.cc
[LINE]: 1217
[START_MESSAGE]
Input rosetta scripts XML file "my_awesome_rscript.xml" failed to validate against the rosetta scripts schema. Use the option -parser::output_schema <output filename> to output the schema to a file to see all valid options.
Your XML has failed validation.  The error message below will tell you where in your XML file the error occurred.  Here's how to fix it:

1) If the validation fails on something obvious, like an illegal attribute due to a spelling error (perhaps you used scorefnction instead of scorefunction), then you need to fix your XML file.
2) If you haven't run the XML rewriter script and this might be pre-2017 Rosetta XML, run the rewriter script (tools/xsd_xrw/rewrite_rosetta_script.py) on your input XML first.  The attribute values not being in quotes (scorefunction=talaris2014 instead of scorefunction="talaris2014") is a good indicator that this is your problem.
3) If you are a developer and neither 1 nor 2 worked - email the developer's mailing list or try Slack.
4) If you are an academic or commercial user - try the Rosetta Forums https://www.rosettacommons.org/forum


Error messages were:
From line 4:
Error: Element 'RESIDUE_SELECTORS': This element is not expected.

1: <ROSETTASCRIPTS>
2: 	<TASKOPERATIONS>
3:         <RestrictToRepacking name="rtrp"/>
4:         <RESIDUE_SELECTORS>
5:             <Index name="aHelix" resnums="23-34"/>
6:             <Not name="NotaHelix" selector="aHelix"/>
7:         </RESIDUE_SELECTORS>
8:         <OperateOnResidueSubset name="PackaHelix" selector="aHelix">
9: 	        <RestrictToRepackingRLT/>
------------------------------------------------------------
Warning messages were:
------------------------------------------------------------


[END_MESSAGE]
[END_CRASH_REPORT]

##############################################################################################################
#
# Rosetta crash log. Please submit the contents of this file to http://crash.rosettacommons.org/
# or use the script Rosetta/main/source/scripts/python/public/report_crashes.py
#

[START_CRASH_REPORT]
[ROSETTA_VERSION]: 2025.43.post.dev+2.main.e5ce21e85a
[COMMIT_DATE]: 2025-10-28T16:01:33
[APPLICATION]: /Users/rclune/Documents/rosetta_05_06_25/source/bin/rosetta_scripts.macosclangrelease
[MODE]: Release
[EXTRAS]: default
[OS]: Apple Mac OS X
[COMPILER]: Clang version "17.0.0 (clang-1700.0.13.5)"
[STDLIB]: libc++ version 190102
[START_OPTIONS]
 -in:file:s=1UBQ.pdb -out:overwrite -out:nstruct=20 -parser:protocol=my_awesome_rscript.xml

[END_OPTIONS]

[START_BACKTRACE]: RAW_LIBC
0   libutility.dylib                    0x000000010d2f16d0 backtrace_string(int) + 76
1   libutility.dylib                    0x000000010d31018c utility::excn::Exception::Exception(char const*, int, std::__1::basic_string<char, std::__1::char_traits<char>, std::__1::allocator<char>> const&) + 220
2   libprotocols.1.dylib                0x000000010a384b18 protocols::rosetta_scripts::RosettaScriptsParser::validate_input_script_against_xsd(std::__1::basic_string<char, std::__1::char_traits<char>, std::__1::allocator<char>> const&, std::__1::basic_stringstream<char, std::__1::char_traits<char>, std::__1::allocator<char>> const&) const + 2012
3   libprotocols.1.dylib                0x000000010a382da4 protocols::rosetta_scripts::RosettaScriptsParser::finish_creating_tag(std::__1::basic_string<char, std::__1::char_traits<char>, std::__1::allocator<char>> const&, utility::vector1<std::__1::basic_string<char, std::__1::char_traits<char>, std::__1::allocator<char>>, std::__1::allocator<std::__1::basic_string<char, std::__1::char_traits<char>, std::__1::allocator<char>>>> const&, std::__1::basic_string<char, std::__1::char_traits<char>, std::__1::allocator<char>> const&) const + 268
4   libprotocols.1.dylib                0x000000010a38149c protocols::rosetta_scripts::RosettaScriptsParser::create_tag_from_xml(std::__1::basic_string<char, std::__1::char_traits<char>, std::__1::allocator<char>> const&, utility::vector1<std::__1::basic_string<char, std::__1::char_traits<char>, std::__1::allocator<char>>, std::__1::allocator<std::__1::basic_string<char, std::__1::char_traits<char>, std::__1::allocator<char>>>> const&) + 256
5   libprotocols.1.dylib                0x000000010a381008 protocols::rosetta_scripts::RosettaScriptsParser::create_tag_from_xml(std::__1::basic_string<char, std::__1::char_traits<char>, std::__1::allocator<char>> const&, utility::options::OptionCollection const&) + 308
6   libprotocols.1.dylib                0x000000010a386864 protocols::rosetta_scripts::RosettaScriptsParser::generate_mover(std::__1::shared_ptr<protocols::moves::Mover>&, bool, std::__1::basic_string<char, std::__1::char_traits<char>, std::__1::allocator<char>> const&, std::__1::basic_string<char, std::__1::char_traits<char>, std::__1::allocator<char>> const&, std::__1::basic_string<char, std::__1::char_traits<char>, std::__1::allocator<char>> const&, bool) + 416
7   libprotocols.1.dylib                0x000000010a0ea704 protocols::jd2::JobDistributor::run_one_job(std::__1::shared_ptr<protocols::moves::Mover>&, long, std::__1::basic_string<char, std::__1::char_traits<char>, std::__1::allocator<char>>&, std::__1::basic_string<char, std::__1::char_traits<char>, std::__1::allocator<char>>&, unsigned long&, unsigned long&, bool) + 3912
8   libprotocols.1.dylib                0x000000010a0e8a28 protocols::jd2::JobDistributor::go_main(std::__1::shared_ptr<protocols::moves::Mover>) + 128
9   libprotocols.1.dylib                0x000000010a0e3550 protocols::jd2::FileSystemJobDistributor::go(std::__1::shared_ptr<protocols::moves::Mover>) + 72
10  rosetta_scripts.default.macosclangr 0x0000000104a94d64 main + 1276
11  dyld                                0x0000000191b56b98 start + 6076

[END_BACKTRACE]

[FILE]: src/protocols/rosetta_scripts/RosettaScriptsParser.cc
[LINE]: 1217
[START_MESSAGE]
Input rosetta scripts XML file "my_awesome_rscript.xml" failed to validate against the rosetta scripts schema. Use the option -parser::output_schema <output filename> to output the schema to a file to see all valid options.
Your XML has failed validation.  The error message below will tell you where in your XML file the error occurred.  Here's how to fix it:

1) If the validation fails on something obvious, like an illegal attribute due to a spelling error (perhaps you used scorefnction instead of scorefunction), then you need to fix your XML file.
2) If you haven't run the XML rewriter script and this might be pre-2017 Rosetta XML, run the rewriter script (tools/xsd_xrw/rewrite_rosetta_script.py) on your input XML first.  The attribute values not being in quotes (scorefunction=talaris2014 instead of scorefunction="talaris2014") is a good indicator that this is your problem.
3) If you are a developer and neither 1 nor 2 worked - email the developer's mailing list or try Slack.
4) If you are an academic or commercial user - try the Rosetta Forums https://www.rosettacommons.org/forum


Error messages were:
Error: Opening and ending tag mismatch: Add line 25 and PROTOCOLS

23: 	<PROTOCOLS>
24:         <Add mover_name="pack_rot"/>
25:         <Add mover_name="small_mover">
26:         <Add mover_name='min_mover'/>
27:         <Add filter_name="filterByTotal"/>
28: 	</PROTOCOLS>
29: </ROSETTASCRIPTS>
30: 
Error: Opening and ending tag mismatch: PROTOCOLS line 23 and ROSETTASCRIPTS

24:         <Add mover_name="pack_rot"/>
25:         <Add mover_name="small_mover">
26:         <Add mover_name='min_mover'/>
27:         <Add filter_name="filterByTotal"/>
28: 	</PROTOCOLS>
29: </ROSETTASCRIPTS>
30: 
Error: Premature end of data in tag ROSETTASCRIPTS line 1

25:         <Add mover_name="small_mover">
26:         <Add mover_name='min_mover'/>
27:         <Add filter_name="filterByTotal"/>
28: 	</PROTOCOLS>
29: </ROSETTASCRIPTS>
30: 
------------------------------------------------------------
Warning messages were:
------------------------------------------------------------


[END_MESSAGE]
[END_CRASH_REPORT]

##############################################################################################################
#
# Rosetta crash log. Please submit the contents of this file to http://crash.rosettacommons.org/
# or use the script Rosetta/main/source/scripts/python/public/report_crashes.py
#

[START_CRASH_REPORT]
[ROSETTA_VERSION]: 2025.43.post.dev+2.main.e5ce21e85a
[COMMIT_DATE]: 2025-10-28T16:01:33
[APPLICATION]: /Users/rclune/Documents/rosetta_05_06_25/source/bin/rosetta_scripts.macosclangrelease
[MODE]: Release
[EXTRAS]: default
[OS]: Apple Mac OS X
[COMPILER]: Clang version "17.0.0 (clang-1700.0.13.5)"
[STDLIB]: libc++ version 190102
[START_OPTIONS]
 -in:file:s=1UBQ.pdb -out:overwrite -out:nstruct=20 -parser:protocol=my_awesome_rscript.xml

[END_OPTIONS]

[START_BACKTRACE]: RAW_LIBC
0   libutility.dylib                    0x00000001090856d0 backtrace_string(int) + 76
1   libutility.dylib                    0x00000001090a418c utility::excn::Exception::Exception(char const*, int, std::__1::basic_string<char, std::__1::char_traits<char>, std::__1::allocator<char>> const&) + 220
2   libprotocols.1.dylib                0x00000001061f0b18 protocols::rosetta_scripts::RosettaScriptsParser::validate_input_script_against_xsd(std::__1::basic_string<char, std::__1::char_traits<char>, std::__1::allocator<char>> const&, std::__1::basic_stringstream<char, std::__1::char_traits<char>, std::__1::allocator<char>> const&) const + 2012
3   libprotocols.1.dylib                0x00000001061eeda4 protocols::rosetta_scripts::RosettaScriptsParser::finish_creating_tag(std::__1::basic_string<char, std::__1::char_traits<char>, std::__1::allocator<char>> const&, utility::vector1<std::__1::basic_string<char, std::__1::char_traits<char>, std::__1::allocator<char>>, std::__1::allocator<std::__1::basic_string<char, std::__1::char_traits<char>, std::__1::allocator<char>>>> const&, std::__1::basic_string<char, std::__1::char_traits<char>, std::__1::allocator<char>> const&) const + 268
4   libprotocols.1.dylib                0x00000001061ed49c protocols::rosetta_scripts::RosettaScriptsParser::create_tag_from_xml(std::__1::basic_string<char, std::__1::char_traits<char>, std::__1::allocator<char>> const&, utility::vector1<std::__1::basic_string<char, std::__1::char_traits<char>, std::__1::allocator<char>>, std::__1::allocator<std::__1::basic_string<char, std::__1::char_traits<char>, std::__1::allocator<char>>>> const&) + 256
5   libprotocols.1.dylib                0x00000001061ed008 protocols::rosetta_scripts::RosettaScriptsParser::create_tag_from_xml(std::__1::basic_string<char, std::__1::char_traits<char>, std::__1::allocator<char>> const&, utility::options::OptionCollection const&) + 308
6   libprotocols.1.dylib                0x00000001061f2864 protocols::rosetta_scripts::RosettaScriptsParser::generate_mover(std::__1::shared_ptr<protocols::moves::Mover>&, bool, std::__1::basic_string<char, std::__1::char_traits<char>, std::__1::allocator<char>> const&, std::__1::basic_string<char, std::__1::char_traits<char>, std::__1::allocator<char>> const&, std::__1::basic_string<char, std::__1::char_traits<char>, std::__1::allocator<char>> const&, bool) + 416
7   libprotocols.1.dylib                0x0000000105f56704 protocols::jd2::JobDistributor::run_one_job(std::__1::shared_ptr<protocols::moves::Mover>&, long, std::__1::basic_string<char, std::__1::char_traits<char>, std::__1::allocator<char>>&, std::__1::basic_string<char, std::__1::char_traits<char>, std::__1::allocator<char>>&, unsigned long&, unsigned long&, bool) + 3912
8   libprotocols.1.dylib                0x0000000105f54a28 protocols::jd2::JobDistributor::go_main(std::__1::shared_ptr<protocols::moves::Mover>) + 128
9   libprotocols.1.dylib                0x0000000105f4f550 protocols::jd2::FileSystemJobDistributor::go(std::__1::shared_ptr<protocols::moves::Mover>) + 72
10  rosetta_scripts.default.macosclangr 0x00000001006ccd64 main + 1276
11  dyld                                0x0000000191b56b98 start + 6076

[END_BACKTRACE]

[FILE]: src/protocols/rosetta_scripts/RosettaScriptsParser.cc
[LINE]: 1217
[START_MESSAGE]
Input rosetta scripts XML file "my_awesome_rscript.xml" failed to validate against the rosetta scripts schema. Use the option -parser::output_schema <output filename> to output the schema to a file to see all valid options.
Your XML has failed validation.  The error message below will tell you where in your XML file the error occurred.  Here's how to fix it:

1) If the validation fails on something obvious, like an illegal attribute due to a spelling error (perhaps you used scorefnction instead of scorefunction), then you need to fix your XML file.
2) If you haven't run the XML rewriter script and this might be pre-2017 Rosetta XML, run the rewriter script (tools/xsd_xrw/rewrite_rosetta_script.py) on your input XML first.  The attribute values not being in quotes (scorefunction=talaris2014 instead of scorefunction="talaris2014") is a good indicator that this is your problem.
3) If you are a developer and neither 1 nor 2 worked - email the developer's mailing list or try Slack.
4) If you are an academic or commercial user - try the Rosetta Forums https://www.rosettacommons.org/forum


Error messages were:
Error: Opening and ending tag mismatch: Add line 25 and PROTOCOLS

23: 	<PROTOCOLS>
24:         <Add mover_name="pack_rot"/>
25:         <Add mover_name="small_mover">
26:         <Add mover_name='min_mover'/>
27:         <Add filter_name="filterByTotal"/>
28: 	</PROTOCOLS>
29: </ROSETTASCRIPTS>
30: 
Error: Opening and ending tag mismatch: PROTOCOLS line 23 and ROSETTASCRIPTS

24:         <Add mover_name="pack_rot"/>
25:         <Add mover_name="small_mover">
26:         <Add mover_name='min_mover'/>
27:         <Add filter_name="filterByTotal"/>
28: 	</PROTOCOLS>
29: </ROSETTASCRIPTS>
30: 
Error: Premature end of data in tag ROSETTASCRIPTS line 1

25:         <Add mover_name="small_mover">
26:         <Add mover_name='min_mover'/>
27:         <Add filter_name="filterByTotal"/>
28: 	</PROTOCOLS>
29: </ROSETTASCRIPTS>
30: 
------------------------------------------------------------
Warning messages were:
------------------------------------------------------------


[END_MESSAGE]
[END_CRASH_REPORT]

